crawl_and_email	Set up job	Ôªø2025-12-31T02:29:58.9246333Z Current runner version: '2.330.0'
crawl_and_email	Set up job	2025-12-31T02:29:58.9269981Z ##[group]Runner Image Provisioner
crawl_and_email	Set up job	2025-12-31T02:29:58.9270937Z Hosted Compute Agent
crawl_and_email	Set up job	2025-12-31T02:29:58.9271550Z Version: 20251211.462
crawl_and_email	Set up job	2025-12-31T02:29:58.9272179Z Commit: 6cbad8c2bb55d58165063d031ccabf57e2d2db61
crawl_and_email	Set up job	2025-12-31T02:29:58.9272892Z Build Date: 2025-12-11T16:28:49Z
crawl_and_email	Set up job	2025-12-31T02:29:58.9273754Z Worker ID: {89af698b-108b-499c-aa41-db63686e09e5}
crawl_and_email	Set up job	2025-12-31T02:29:58.9274500Z ##[endgroup]
crawl_and_email	Set up job	2025-12-31T02:29:58.9275113Z ##[group]Operating System
crawl_and_email	Set up job	2025-12-31T02:29:58.9275707Z Ubuntu
crawl_and_email	Set up job	2025-12-31T02:29:58.9276182Z 24.04.3
crawl_and_email	Set up job	2025-12-31T02:29:58.9276702Z LTS
crawl_and_email	Set up job	2025-12-31T02:29:58.9277225Z ##[endgroup]
crawl_and_email	Set up job	2025-12-31T02:29:58.9277748Z ##[group]Runner Image
crawl_and_email	Set up job	2025-12-31T02:29:58.9278406Z Image: ubuntu-24.04
crawl_and_email	Set up job	2025-12-31T02:29:58.9278969Z Version: 20251215.174.1
crawl_and_email	Set up job	2025-12-31T02:29:58.9280057Z Included Software: https://github.com/actions/runner-images/blob/ubuntu24/20251215.174/images/ubuntu/Ubuntu2404-Readme.md
crawl_and_email	Set up job	2025-12-31T02:29:58.9281483Z Image Release: https://github.com/actions/runner-images/releases/tag/ubuntu24%2F20251215.174
crawl_and_email	Set up job	2025-12-31T02:29:58.9282794Z ##[endgroup]
crawl_and_email	Set up job	2025-12-31T02:29:58.9284235Z ##[group]GITHUB_TOKEN Permissions
crawl_and_email	Set up job	2025-12-31T02:29:58.9286416Z Contents: read
crawl_and_email	Set up job	2025-12-31T02:29:58.9287047Z Metadata: read
crawl_and_email	Set up job	2025-12-31T02:29:58.9287589Z Packages: read
crawl_and_email	Set up job	2025-12-31T02:29:58.9288189Z ##[endgroup]
crawl_and_email	Set up job	2025-12-31T02:29:58.9290227Z Secret source: Actions
crawl_and_email	Set up job	2025-12-31T02:29:58.9290991Z Prepare workflow directory
crawl_and_email	Set up job	2025-12-31T02:29:58.9619092Z Prepare all required actions
crawl_and_email	Set up job	2025-12-31T02:29:58.9657719Z Getting action download info
crawl_and_email	Set up job	2025-12-31T02:29:59.4077988Z Download action repository 'actions/checkout@v4' (SHA:34e114876b0b11c390a56381ad16ebd13914f8d5)
crawl_and_email	Set up job	2025-12-31T02:29:59.5170065Z Download action repository 'actions/setup-python@v5' (SHA:a26af69be951a213d495a4c3e4e4022e16d87065)
crawl_and_email	Set up job	2025-12-31T02:29:59.7396852Z Complete job name: crawl_and_email
crawl_and_email	Checkout repository	Ôªø2025-12-31T02:29:59.8076868Z ##[group]Run actions/checkout@v4
crawl_and_email	Checkout repository	2025-12-31T02:29:59.8077744Z with:
crawl_and_email	Checkout repository	2025-12-31T02:29:59.8078214Z   repository: arakawayasuaki/dfnewscrawler
crawl_and_email	Checkout repository	2025-12-31T02:29:59.8078955Z   token: ***
crawl_and_email	Checkout repository	2025-12-31T02:29:59.8079366Z   ssh-strict: true
crawl_and_email	Checkout repository	2025-12-31T02:29:59.8079784Z   ssh-user: git
crawl_and_email	Checkout repository	2025-12-31T02:29:59.8080222Z   persist-credentials: true
crawl_and_email	Checkout repository	2025-12-31T02:29:59.8080693Z   clean: true
crawl_and_email	Checkout repository	2025-12-31T02:29:59.8081129Z   sparse-checkout-cone-mode: true
crawl_and_email	Checkout repository	2025-12-31T02:29:59.8081685Z   fetch-depth: 1
crawl_and_email	Checkout repository	2025-12-31T02:29:59.8082146Z   fetch-tags: false
crawl_and_email	Checkout repository	2025-12-31T02:29:59.8082618Z   show-progress: true
crawl_and_email	Checkout repository	2025-12-31T02:29:59.8083104Z   lfs: false
crawl_and_email	Checkout repository	2025-12-31T02:29:59.8083712Z   submodules: false
crawl_and_email	Checkout repository	2025-12-31T02:29:59.8084335Z   set-safe-directory: true
crawl_and_email	Checkout repository	2025-12-31T02:29:59.8085107Z ##[endgroup]
crawl_and_email	Checkout repository	2025-12-31T02:29:59.9204889Z Syncing repository: arakawayasuaki/dfnewscrawler
crawl_and_email	Checkout repository	2025-12-31T02:29:59.9207980Z ##[group]Getting Git version info
crawl_and_email	Checkout repository	2025-12-31T02:29:59.9208771Z Working directory is '/home/runner/work/dfnewscrawler/dfnewscrawler'
crawl_and_email	Checkout repository	2025-12-31T02:29:59.9209946Z [command]/usr/bin/git version
crawl_and_email	Checkout repository	2025-12-31T02:29:59.9302345Z git version 2.52.0
crawl_and_email	Checkout repository	2025-12-31T02:29:59.9328900Z ##[endgroup]
crawl_and_email	Checkout repository	2025-12-31T02:29:59.9343243Z Temporarily overriding HOME='/home/runner/work/_temp/d7f9a709-2b66-44d0-a262-debda8baa5e9' before making global git config changes
crawl_and_email	Checkout repository	2025-12-31T02:29:59.9344861Z Adding repository directory to the temporary git global config as a safe directory
crawl_and_email	Checkout repository	2025-12-31T02:29:59.9356245Z [command]/usr/bin/git config --global --add safe.directory /home/runner/work/dfnewscrawler/dfnewscrawler
crawl_and_email	Checkout repository	2025-12-31T02:29:59.9396242Z Deleting the contents of '/home/runner/work/dfnewscrawler/dfnewscrawler'
crawl_and_email	Checkout repository	2025-12-31T02:29:59.9399748Z ##[group]Initializing the repository
crawl_and_email	Checkout repository	2025-12-31T02:29:59.9403819Z [command]/usr/bin/git init /home/runner/work/dfnewscrawler/dfnewscrawler
crawl_and_email	Checkout repository	2025-12-31T02:29:59.9510175Z hint: Using 'master' as the name for the initial branch. This default branch name
crawl_and_email	Checkout repository	2025-12-31T02:29:59.9511381Z hint: will change to "main" in Git 3.0. To configure the initial branch name
crawl_and_email	Checkout repository	2025-12-31T02:29:59.9512431Z hint: to use in all of your new repositories, which will suppress this warning,
crawl_and_email	Checkout repository	2025-12-31T02:29:59.9513834Z hint: call:
crawl_and_email	Checkout repository	2025-12-31T02:29:59.9514501Z hint:
crawl_and_email	Checkout repository	2025-12-31T02:29:59.9515364Z hint: 	git config --global init.defaultBranch <name>
crawl_and_email	Checkout repository	2025-12-31T02:29:59.9516045Z hint:
crawl_and_email	Checkout repository	2025-12-31T02:29:59.9516693Z hint: Names commonly chosen instead of 'master' are 'main', 'trunk' and
crawl_and_email	Checkout repository	2025-12-31T02:29:59.9517738Z hint: 'development'. The just-created branch can be renamed via this command:
crawl_and_email	Checkout repository	2025-12-31T02:29:59.9518552Z hint:
crawl_and_email	Checkout repository	2025-12-31T02:29:59.9519062Z hint: 	git branch -m <name>
crawl_and_email	Checkout repository	2025-12-31T02:29:59.9519699Z hint:
crawl_and_email	Checkout repository	2025-12-31T02:29:59.9520403Z hint: Disable this message with "git config set advice.defaultBranchName false"
crawl_and_email	Checkout repository	2025-12-31T02:29:59.9521530Z Initialized empty Git repository in /home/runner/work/dfnewscrawler/dfnewscrawler/.git/
crawl_and_email	Checkout repository	2025-12-31T02:29:59.9525664Z [command]/usr/bin/git remote add origin https://github.com/arakawayasuaki/dfnewscrawler
crawl_and_email	Checkout repository	2025-12-31T02:29:59.9557852Z ##[endgroup]
crawl_and_email	Checkout repository	2025-12-31T02:29:59.9558686Z ##[group]Disabling automatic garbage collection
crawl_and_email	Checkout repository	2025-12-31T02:29:59.9562011Z [command]/usr/bin/git config --local gc.auto 0
crawl_and_email	Checkout repository	2025-12-31T02:29:59.9589798Z ##[endgroup]
crawl_and_email	Checkout repository	2025-12-31T02:29:59.9590598Z ##[group]Setting up auth
crawl_and_email	Checkout repository	2025-12-31T02:29:59.9597038Z [command]/usr/bin/git config --local --name-only --get-regexp core\.sshCommand
crawl_and_email	Checkout repository	2025-12-31T02:29:59.9626737Z [command]/usr/bin/git submodule foreach --recursive sh -c "git config --local --name-only --get-regexp 'core\.sshCommand' && git config --local --unset-all 'core.sshCommand' || :"
crawl_and_email	Checkout repository	2025-12-31T02:29:59.9990749Z [command]/usr/bin/git config --local --name-only --get-regexp http\.https\:\/\/github\.com\/\.extraheader
crawl_and_email	Checkout repository	2025-12-31T02:30:00.0026325Z [command]/usr/bin/git submodule foreach --recursive sh -c "git config --local --name-only --get-regexp 'http\.https\:\/\/github\.com\/\.extraheader' && git config --local --unset-all 'http.https://github.com/.extraheader' || :"
crawl_and_email	Checkout repository	2025-12-31T02:30:00.0276692Z [command]/usr/bin/git config --local --name-only --get-regexp ^includeIf\.gitdir:
crawl_and_email	Checkout repository	2025-12-31T02:30:00.0323960Z [command]/usr/bin/git submodule foreach --recursive git config --local --show-origin --name-only --get-regexp remote.origin.url
crawl_and_email	Checkout repository	2025-12-31T02:30:00.0567935Z [command]/usr/bin/git config --local http.https://github.com/.extraheader AUTHORIZATION: basic ***
crawl_and_email	Checkout repository	2025-12-31T02:30:00.0608136Z ##[endgroup]
crawl_and_email	Checkout repository	2025-12-31T02:30:00.0609466Z ##[group]Fetching the repository
crawl_and_email	Checkout repository	2025-12-31T02:30:00.0617930Z [command]/usr/bin/git -c protocol.version=2 fetch --no-tags --prune --no-recurse-submodules --depth=1 origin +8b6e85df4b313775bd62e15eae80c6dea1d766a8:refs/remotes/origin/main
crawl_and_email	Checkout repository	2025-12-31T02:30:00.4064569Z From https://github.com/arakawayasuaki/dfnewscrawler
crawl_and_email	Checkout repository	2025-12-31T02:30:00.4066052Z  * [new ref]         8b6e85df4b313775bd62e15eae80c6dea1d766a8 -> origin/main
crawl_and_email	Checkout repository	2025-12-31T02:30:00.4100792Z ##[endgroup]
crawl_and_email	Checkout repository	2025-12-31T02:30:00.4102165Z ##[group]Determining the checkout info
crawl_and_email	Checkout repository	2025-12-31T02:30:00.4104863Z ##[endgroup]
crawl_and_email	Checkout repository	2025-12-31T02:30:00.4107503Z [command]/usr/bin/git sparse-checkout disable
crawl_and_email	Checkout repository	2025-12-31T02:30:00.4152624Z [command]/usr/bin/git config --local --unset-all extensions.worktreeConfig
crawl_and_email	Checkout repository	2025-12-31T02:30:00.4182480Z ##[group]Checking out the ref
crawl_and_email	Checkout repository	2025-12-31T02:30:00.4186318Z [command]/usr/bin/git checkout --progress --force -B main refs/remotes/origin/main
crawl_and_email	Checkout repository	2025-12-31T02:30:00.4240372Z Switched to a new branch 'main'
crawl_and_email	Checkout repository	2025-12-31T02:30:00.4243186Z branch 'main' set up to track 'origin/main'.
crawl_and_email	Checkout repository	2025-12-31T02:30:00.4249952Z ##[endgroup]
crawl_and_email	Checkout repository	2025-12-31T02:30:00.4286192Z [command]/usr/bin/git log -1 --format=%H
crawl_and_email	Checkout repository	2025-12-31T02:30:00.4306940Z 8b6e85df4b313775bd62e15eae80c6dea1d766a8
crawl_and_email	Set up Python	Ôªø2025-12-31T02:30:00.4547072Z ##[warning]Unexpected input(s) 'python-python-version', valid inputs are ['python-version', 'python-version-file', 'cache', 'architecture', 'check-latest', 'token', 'cache-dependency-path', 'update-environment', 'allow-prereleases', 'freethreaded']
crawl_and_email	Set up Python	2025-12-31T02:30:00.4562536Z ##[group]Run actions/setup-python@v5
crawl_and_email	Set up Python	2025-12-31T02:30:00.4563058Z with:
crawl_and_email	Set up Python	2025-12-31T02:30:00.4563702Z   python-python-version: 3.10
crawl_and_email	Set up Python	2025-12-31T02:30:00.4564210Z   check-latest: false
crawl_and_email	Set up Python	2025-12-31T02:30:00.4564997Z   token: ***
crawl_and_email	Set up Python	2025-12-31T02:30:00.4565419Z   update-environment: true
crawl_and_email	Set up Python	2025-12-31T02:30:00.4565899Z   allow-prereleases: false
crawl_and_email	Set up Python	2025-12-31T02:30:00.4566361Z   freethreaded: false
crawl_and_email	Set up Python	2025-12-31T02:30:00.4566772Z ##[endgroup]
crawl_and_email	Set up Python	2025-12-31T02:30:00.6227601Z [warning]Neither 'python-version' nor 'python-version-file' inputs were supplied. Attempting to find '.python-version' file.
crawl_and_email	Set up Python	2025-12-31T02:30:00.6229781Z [warning].python-version doesn't exist.
crawl_and_email	Set up Python	2025-12-31T02:30:00.6245330Z ##[warning]The `python-version` input is not set.  The version of Python currently in `PATH` will be used.
crawl_and_email	Install dependencies	Ôªø2025-12-31T02:30:00.6361681Z ##[group]Run python -m pip install --upgrade pip
crawl_and_email	Install dependencies	2025-12-31T02:30:00.6362583Z [36;1mpython -m pip install --upgrade pip[0m
crawl_and_email	Install dependencies	2025-12-31T02:30:00.6363314Z [36;1mpip install -r requirements.txt[0m
crawl_and_email	Install dependencies	2025-12-31T02:30:00.6400164Z shell: /usr/bin/bash -e {0}
crawl_and_email	Install dependencies	2025-12-31T02:30:00.6400772Z ##[endgroup]
crawl_and_email	Install dependencies	2025-12-31T02:30:02.0442969Z Defaulting to user installation because normal site-packages is not writeable
crawl_and_email	Install dependencies	2025-12-31T02:30:02.7867970Z Requirement already satisfied: pip in /usr/lib/python3/dist-packages (24.0)
crawl_and_email	Install dependencies	2025-12-31T02:30:02.8892498Z Collecting pip
crawl_and_email	Install dependencies	2025-12-31T02:30:02.9211794Z   Downloading pip-25.3-py3-none-any.whl.metadata (4.7 kB)
crawl_and_email	Install dependencies	2025-12-31T02:30:02.9285007Z Downloading pip-25.3-py3-none-any.whl (1.8 MB)
crawl_and_email	Install dependencies	2025-12-31T02:30:02.9612726Z    ‚îÅ‚îÅ‚îÅ‚îÅ‚îÅ‚îÅ‚îÅ‚îÅ‚îÅ‚îÅ‚îÅ‚îÅ‚îÅ‚îÅ‚îÅ‚îÅ‚îÅ‚îÅ‚îÅ‚îÅ‚îÅ‚îÅ‚îÅ‚îÅ‚îÅ‚îÅ‚îÅ‚îÅ‚îÅ‚îÅ‚îÅ‚îÅ‚îÅ‚îÅ‚îÅ‚îÅ‚îÅ‚îÅ‚îÅ‚îÅ 1.8/1.8 MB 58.7 MB/s eta 0:00:00
crawl_and_email	Install dependencies	2025-12-31T02:30:03.2108187Z Installing collected packages: pip
crawl_and_email	Install dependencies	2025-12-31T02:30:03.9545709Z Successfully installed pip-25.3
crawl_and_email	Install dependencies	2025-12-31T02:30:04.2497447Z Defaulting to user installation because normal site-packages is not writeable
crawl_and_email	Install dependencies	2025-12-31T02:30:04.3661036Z Requirement already satisfied: requests in /usr/lib/python3/dist-packages (from -r requirements.txt (line 1)) (2.31.0)
crawl_and_email	Install dependencies	2025-12-31T02:30:04.4367293Z Collecting beautifulsoup4 (from -r requirements.txt (line 2))
crawl_and_email	Install dependencies	2025-12-31T02:30:04.4907462Z   Downloading beautifulsoup4-4.14.3-py3-none-any.whl.metadata (3.8 kB)
crawl_and_email	Install dependencies	2025-12-31T02:30:04.5033169Z Collecting google-generativeai (from -r requirements.txt (line 3))
crawl_and_email	Install dependencies	2025-12-31T02:30:04.5065814Z   Downloading google_generativeai-0.8.6-py3-none-any.whl.metadata (3.9 kB)
crawl_and_email	Install dependencies	2025-12-31T02:30:04.5246975Z Collecting python-dotenv (from -r requirements.txt (line 4))
crawl_and_email	Install dependencies	2025-12-31T02:30:04.5280141Z   Downloading python_dotenv-1.2.1-py3-none-any.whl.metadata (25 kB)
crawl_and_email	Install dependencies	2025-12-31T02:30:04.6126825Z Collecting googlesearch-python (from -r requirements.txt (line 5))
crawl_and_email	Install dependencies	2025-12-31T02:30:04.6169055Z   Downloading googlesearch_python-1.3.0-py3-none-any.whl.metadata (3.4 kB)
crawl_and_email	Install dependencies	2025-12-31T02:30:04.6346857Z Collecting markdown (from -r requirements.txt (line 6))
crawl_and_email	Install dependencies	2025-12-31T02:30:04.6379678Z   Downloading markdown-3.10-py3-none-any.whl.metadata (5.1 kB)
crawl_and_email	Install dependencies	2025-12-31T02:30:04.6535509Z Collecting resend (from -r requirements.txt (line 7))
crawl_and_email	Install dependencies	2025-12-31T02:30:04.6577394Z   Downloading resend-2.19.0-py2.py3-none-any.whl.metadata (2.5 kB)
crawl_and_email	Install dependencies	2025-12-31T02:30:04.6779723Z Collecting soupsieve>=1.6.1 (from beautifulsoup4->-r requirements.txt (line 2))
crawl_and_email	Install dependencies	2025-12-31T02:30:04.6812499Z   Downloading soupsieve-2.8.1-py3-none-any.whl.metadata (4.6 kB)
crawl_and_email	Install dependencies	2025-12-31T02:30:04.6848470Z Requirement already satisfied: typing-extensions>=4.0.0 in /usr/lib/python3/dist-packages (from beautifulsoup4->-r requirements.txt (line 2)) (4.10.0)
crawl_and_email	Install dependencies	2025-12-31T02:30:04.6974736Z Collecting google-ai-generativelanguage==0.6.15 (from google-generativeai->-r requirements.txt (line 3))
crawl_and_email	Install dependencies	2025-12-31T02:30:04.7009692Z   Downloading google_ai_generativelanguage-0.6.15-py3-none-any.whl.metadata (5.7 kB)
crawl_and_email	Install dependencies	2025-12-31T02:30:04.7356207Z Collecting google-api-core (from google-generativeai->-r requirements.txt (line 3))
crawl_and_email	Install dependencies	2025-12-31T02:30:04.7388479Z   Downloading google_api_core-2.28.1-py3-none-any.whl.metadata (3.3 kB)
crawl_and_email	Install dependencies	2025-12-31T02:30:04.8084166Z Collecting google-api-python-client (from google-generativeai->-r requirements.txt (line 3))
crawl_and_email	Install dependencies	2025-12-31T02:30:04.8122769Z   Downloading google_api_python_client-2.187.0-py3-none-any.whl.metadata (7.0 kB)
crawl_and_email	Install dependencies	2025-12-31T02:30:04.8477940Z Collecting google-auth>=2.15.0 (from google-generativeai->-r requirements.txt (line 3))
crawl_and_email	Install dependencies	2025-12-31T02:30:04.8519948Z   Downloading google_auth-2.45.0-py2.py3-none-any.whl.metadata (6.8 kB)
crawl_and_email	Install dependencies	2025-12-31T02:30:05.0037200Z Collecting protobuf (from google-generativeai->-r requirements.txt (line 3))
crawl_and_email	Install dependencies	2025-12-31T02:30:05.0072867Z   Downloading protobuf-6.33.2-cp39-abi3-manylinux2014_x86_64.whl.metadata (593 bytes)
crawl_and_email	Install dependencies	2025-12-31T02:30:05.1117019Z Collecting pydantic (from google-generativeai->-r requirements.txt (line 3))
crawl_and_email	Install dependencies	2025-12-31T02:30:05.1153306Z   Downloading pydantic-2.12.5-py3-none-any.whl.metadata (90 kB)
crawl_and_email	Install dependencies	2025-12-31T02:30:05.1527803Z Collecting tqdm (from google-generativeai->-r requirements.txt (line 3))
crawl_and_email	Install dependencies	2025-12-31T02:30:05.1562114Z   Downloading tqdm-4.67.1-py3-none-any.whl.metadata (57 kB)
crawl_and_email	Install dependencies	2025-12-31T02:30:05.2903123Z Collecting proto-plus<2.0.0dev,>=1.22.3 (from google-ai-generativelanguage==0.6.15->google-generativeai->-r requirements.txt (line 3))
crawl_and_email	Install dependencies	2025-12-31T02:30:05.2944203Z   Downloading proto_plus-1.27.0-py3-none-any.whl.metadata (2.2 kB)
crawl_and_email	Install dependencies	2025-12-31T02:30:05.3670196Z Collecting protobuf (from google-generativeai->-r requirements.txt (line 3))
crawl_and_email	Install dependencies	2025-12-31T02:30:05.3707016Z   Downloading protobuf-5.29.5-cp38-abi3-manylinux2014_x86_64.whl.metadata (592 bytes)
crawl_and_email	Install dependencies	2025-12-31T02:30:05.3897348Z Collecting googleapis-common-protos<2.0.0,>=1.56.2 (from google-api-core->google-generativeai->-r requirements.txt (line 3))
crawl_and_email	Install dependencies	2025-12-31T02:30:05.3929492Z   Downloading googleapis_common_protos-1.72.0-py3-none-any.whl.metadata (9.4 kB)
crawl_and_email	Install dependencies	2025-12-31T02:30:05.9836029Z Collecting grpcio<2.0.0,>=1.33.2 (from google-api-core[grpc]!=2.0.*,!=2.1.*,!=2.10.*,!=2.2.*,!=2.3.*,!=2.4.*,!=2.5.*,!=2.6.*,!=2.7.*,!=2.8.*,!=2.9.*,<3.0.0dev,>=1.34.1->google-ai-generativelanguage==0.6.15->google-generativeai->-r requirements.txt (line 3))
crawl_and_email	Install dependencies	2025-12-31T02:30:05.9907045Z   Downloading grpcio-1.76.0-cp312-cp312-manylinux2014_x86_64.manylinux_2_17_x86_64.whl.metadata (3.7 kB)
crawl_and_email	Install dependencies	2025-12-31T02:30:06.0392699Z Collecting grpcio-status<2.0.0,>=1.33.2 (from google-api-core[grpc]!=2.0.*,!=2.1.*,!=2.10.*,!=2.2.*,!=2.3.*,!=2.4.*,!=2.5.*,!=2.6.*,!=2.7.*,!=2.8.*,!=2.9.*,<3.0.0dev,>=1.34.1->google-ai-generativelanguage==0.6.15->google-generativeai->-r requirements.txt (line 3))
crawl_and_email	Install dependencies	2025-12-31T02:30:06.0425964Z   Downloading grpcio_status-1.76.0-py3-none-any.whl.metadata (1.1 kB)
crawl_and_email	Install dependencies	2025-12-31T02:30:06.0756766Z Collecting cachetools<7.0,>=2.0.0 (from google-auth>=2.15.0->google-generativeai->-r requirements.txt (line 3))
crawl_and_email	Install dependencies	2025-12-31T02:30:06.0792705Z   Downloading cachetools-6.2.4-py3-none-any.whl.metadata (5.6 kB)
crawl_and_email	Install dependencies	2025-12-31T02:30:06.0831827Z Requirement already satisfied: pyasn1-modules>=0.2.1 in /usr/lib/python3/dist-packages (from google-auth>=2.15.0->google-generativeai->-r requirements.txt (line 3)) (0.2.8)
crawl_and_email	Install dependencies	2025-12-31T02:30:06.0954098Z Collecting rsa<5,>=3.1.4 (from google-auth>=2.15.0->google-generativeai->-r requirements.txt (line 3))
crawl_and_email	Install dependencies	2025-12-31T02:30:06.0992691Z   Downloading rsa-4.9.1-py3-none-any.whl.metadata (5.6 kB)
crawl_and_email	Install dependencies	2025-12-31T02:30:06.1204810Z Collecting typing-extensions>=4.0.0 (from beautifulsoup4->-r requirements.txt (line 2))
crawl_and_email	Install dependencies	2025-12-31T02:30:06.1237692Z   Downloading typing_extensions-4.15.0-py3-none-any.whl.metadata (3.3 kB)
crawl_and_email	Install dependencies	2025-12-31T02:30:06.1771638Z INFO: pip is looking at multiple versions of grpcio-status to determine which version is compatible with other requirements. This could take a while.
crawl_and_email	Install dependencies	2025-12-31T02:30:06.1778345Z Collecting grpcio-status<2.0.0,>=1.33.2 (from google-api-core[grpc]!=2.0.*,!=2.1.*,!=2.10.*,!=2.2.*,!=2.3.*,!=2.4.*,!=2.5.*,!=2.6.*,!=2.7.*,!=2.8.*,!=2.9.*,<3.0.0dev,>=1.34.1->google-ai-generativelanguage==0.6.15->google-generativeai->-r requirements.txt (line 3))
crawl_and_email	Install dependencies	2025-12-31T02:30:06.1816267Z   Downloading grpcio_status-1.75.1-py3-none-any.whl.metadata (1.1 kB)
crawl_and_email	Install dependencies	2025-12-31T02:30:06.1902066Z   Downloading grpcio_status-1.75.0-py3-none-any.whl.metadata (1.1 kB)
crawl_and_email	Install dependencies	2025-12-31T02:30:06.1997848Z   Downloading grpcio_status-1.74.0-py3-none-any.whl.metadata (1.1 kB)
crawl_and_email	Install dependencies	2025-12-31T02:30:06.2084781Z   Downloading grpcio_status-1.73.1-py3-none-any.whl.metadata (1.1 kB)
crawl_and_email	Install dependencies	2025-12-31T02:30:06.2768158Z   Downloading grpcio_status-1.73.0-py3-none-any.whl.metadata (1.1 kB)
crawl_and_email	Install dependencies	2025-12-31T02:30:06.2852540Z   Downloading grpcio_status-1.72.2-py3-none-any.whl.metadata (1.1 kB)
crawl_and_email	Install dependencies	2025-12-31T02:30:06.2946495Z   Downloading grpcio_status-1.72.1-py3-none-any.whl.metadata (1.1 kB)
crawl_and_email	Install dependencies	2025-12-31T02:30:06.2990336Z INFO: pip is still looking at multiple versions of grpcio-status to determine which version is compatible with other requirements. This could take a while.
crawl_and_email	Install dependencies	2025-12-31T02:30:06.3028640Z   Downloading grpcio_status-1.71.2-py3-none-any.whl.metadata (1.1 kB)
crawl_and_email	Install dependencies	2025-12-31T02:30:06.4701600Z Requirement already satisfied: pyasn1>=0.1.3 in /usr/lib/python3/dist-packages (from rsa<5,>=3.1.4->google-auth>=2.15.0->google-generativeai->-r requirements.txt (line 3)) (0.4.8)
crawl_and_email	Install dependencies	2025-12-31T02:30:06.4855302Z Requirement already satisfied: httplib2<1.0.0,>=0.19.0 in /usr/lib/python3/dist-packages (from google-api-python-client->google-generativeai->-r requirements.txt (line 3)) (0.20.4)
crawl_and_email	Install dependencies	2025-12-31T02:30:06.5147217Z Collecting google-auth-httplib2<1.0.0,>=0.2.0 (from google-api-python-client->google-generativeai->-r requirements.txt (line 3))
crawl_and_email	Install dependencies	2025-12-31T02:30:06.5187012Z   Downloading google_auth_httplib2-0.3.0-py3-none-any.whl.metadata (3.1 kB)
crawl_and_email	Install dependencies	2025-12-31T02:30:06.5315877Z Collecting uritemplate<5,>=3.0.1 (from google-api-python-client->google-generativeai->-r requirements.txt (line 3))
crawl_and_email	Install dependencies	2025-12-31T02:30:06.5348003Z   Downloading uritemplate-4.2.0-py3-none-any.whl.metadata (2.6 kB)
crawl_and_email	Install dependencies	2025-12-31T02:30:06.5412219Z Requirement already satisfied: pyparsing!=3.0.0,!=3.0.1,!=3.0.2,!=3.0.3,<4,>=2.4.2 in /usr/lib/python3/dist-packages (from httplib2<1.0.0,>=0.19.0->google-api-python-client->google-generativeai->-r requirements.txt (line 3)) (3.1.1)
crawl_and_email	Install dependencies	2025-12-31T02:30:06.5528634Z Collecting annotated-types>=0.6.0 (from pydantic->google-generativeai->-r requirements.txt (line 3))
crawl_and_email	Install dependencies	2025-12-31T02:30:06.5565318Z   Downloading annotated_types-0.7.0-py3-none-any.whl.metadata (15 kB)
crawl_and_email	Install dependencies	2025-12-31T02:30:07.1811369Z Collecting pydantic-core==2.41.5 (from pydantic->google-generativeai->-r requirements.txt (line 3))
crawl_and_email	Install dependencies	2025-12-31T02:30:07.1882741Z   Downloading pydantic_core-2.41.5-cp312-cp312-manylinux_2_17_x86_64.manylinux2014_x86_64.whl.metadata (7.3 kB)
crawl_and_email	Install dependencies	2025-12-31T02:30:07.2020255Z Collecting typing-inspection>=0.4.2 (from pydantic->google-generativeai->-r requirements.txt (line 3))
crawl_and_email	Install dependencies	2025-12-31T02:30:07.2095358Z   Downloading typing_inspection-0.4.2-py3-none-any.whl.metadata (2.6 kB)
crawl_and_email	Install dependencies	2025-12-31T02:30:07.2248562Z Downloading beautifulsoup4-4.14.3-py3-none-any.whl (107 kB)
crawl_and_email	Install dependencies	2025-12-31T02:30:07.2332011Z Downloading google_generativeai-0.8.6-py3-none-any.whl (155 kB)
crawl_and_email	Install dependencies	2025-12-31T02:30:07.2514698Z Downloading google_ai_generativelanguage-0.6.15-py3-none-any.whl (1.3 MB)
crawl_and_email	Install dependencies	2025-12-31T02:30:07.2651941Z    ‚îÅ‚îÅ‚îÅ‚îÅ‚îÅ‚îÅ‚îÅ‚îÅ‚îÅ‚îÅ‚îÅ‚îÅ‚îÅ‚îÅ‚îÅ‚îÅ‚îÅ‚îÅ‚îÅ‚îÅ‚îÅ‚îÅ‚îÅ‚îÅ‚îÅ‚îÅ‚îÅ‚îÅ‚îÅ‚îÅ‚îÅ‚îÅ‚îÅ‚îÅ‚îÅ‚îÅ‚îÅ‚îÅ‚îÅ‚îÅ 1.3/1.3 MB 96.5 MB/s  0:00:00
crawl_and_email	Install dependencies	2025-12-31T02:30:07.2724405Z Downloading google_api_core-2.28.1-py3-none-any.whl (173 kB)
crawl_and_email	Install dependencies	2025-12-31T02:30:07.2846309Z Downloading google_auth-2.45.0-py2.py3-none-any.whl (233 kB)
crawl_and_email	Install dependencies	2025-12-31T02:30:07.2936793Z Downloading cachetools-6.2.4-py3-none-any.whl (11 kB)
crawl_and_email	Install dependencies	2025-12-31T02:30:07.3038754Z Downloading googleapis_common_protos-1.72.0-py3-none-any.whl (297 kB)
crawl_and_email	Install dependencies	2025-12-31T02:30:07.3112540Z Downloading grpcio-1.76.0-cp312-cp312-manylinux2014_x86_64.manylinux_2_17_x86_64.whl (6.6 MB)
crawl_and_email	Install dependencies	2025-12-31T02:30:07.3745984Z    ‚îÅ‚îÅ‚îÅ‚îÅ‚îÅ‚îÅ‚îÅ‚îÅ‚îÅ‚îÅ‚îÅ‚îÅ‚îÅ‚îÅ‚îÅ‚îÅ‚îÅ‚îÅ‚îÅ‚îÅ‚îÅ‚îÅ‚îÅ‚îÅ‚îÅ‚îÅ‚îÅ‚îÅ‚îÅ‚îÅ‚îÅ‚îÅ‚îÅ‚îÅ‚îÅ‚îÅ‚îÅ‚îÅ‚îÅ‚îÅ 6.6/6.6 MB 107.3 MB/s  0:00:00
crawl_and_email	Install dependencies	2025-12-31T02:30:07.3783568Z Downloading grpcio_status-1.71.2-py3-none-any.whl (14 kB)
crawl_and_email	Install dependencies	2025-12-31T02:30:07.3848319Z Downloading proto_plus-1.27.0-py3-none-any.whl (50 kB)
crawl_and_email	Install dependencies	2025-12-31T02:30:07.3910241Z Downloading protobuf-5.29.5-cp38-abi3-manylinux2014_x86_64.whl (319 kB)
crawl_and_email	Install dependencies	2025-12-31T02:30:07.4021226Z Downloading rsa-4.9.1-py3-none-any.whl (34 kB)
crawl_and_email	Install dependencies	2025-12-31T02:30:07.4078307Z Downloading typing_extensions-4.15.0-py3-none-any.whl (44 kB)
crawl_and_email	Install dependencies	2025-12-31T02:30:07.4181669Z Downloading python_dotenv-1.2.1-py3-none-any.whl (21 kB)
crawl_and_email	Install dependencies	2025-12-31T02:30:07.4255390Z Downloading googlesearch_python-1.3.0-py3-none-any.whl (5.6 kB)
crawl_and_email	Install dependencies	2025-12-31T02:30:07.4307787Z Downloading markdown-3.10-py3-none-any.whl (107 kB)
crawl_and_email	Install dependencies	2025-12-31T02:30:07.4370021Z Downloading resend-2.19.0-py2.py3-none-any.whl (50 kB)
crawl_and_email	Install dependencies	2025-12-31T02:30:07.4435558Z Downloading soupsieve-2.8.1-py3-none-any.whl (36 kB)
crawl_and_email	Install dependencies	2025-12-31T02:30:07.4501285Z Downloading google_api_python_client-2.187.0-py3-none-any.whl (14.6 MB)
crawl_and_email	Install dependencies	2025-12-31T02:30:07.5183263Z    ‚îÅ‚îÅ‚îÅ‚îÅ‚îÅ‚îÅ‚îÅ‚îÅ‚îÅ‚îÅ‚îÅ‚îÅ‚îÅ‚îÅ‚îÅ‚îÅ‚îÅ‚îÅ‚îÅ‚îÅ‚îÅ‚îÅ‚îÅ‚îÅ‚îÅ‚îÅ‚îÅ‚îÅ‚îÅ‚îÅ‚îÅ‚îÅ‚îÅ‚îÅ‚îÅ‚îÅ‚îÅ‚îÅ‚îÅ‚îÅ 14.6/14.6 MB 219.0 MB/s  0:00:00
crawl_and_email	Install dependencies	2025-12-31T02:30:07.5225378Z Downloading google_auth_httplib2-0.3.0-py3-none-any.whl (9.5 kB)
crawl_and_email	Install dependencies	2025-12-31T02:30:07.5327378Z Downloading uritemplate-4.2.0-py3-none-any.whl (11 kB)
crawl_and_email	Install dependencies	2025-12-31T02:30:07.5391438Z Downloading pydantic-2.12.5-py3-none-any.whl (463 kB)
crawl_and_email	Install dependencies	2025-12-31T02:30:07.5481073Z Downloading pydantic_core-2.41.5-cp312-cp312-manylinux_2_17_x86_64.manylinux2014_x86_64.whl (2.1 MB)
crawl_and_email	Install dependencies	2025-12-31T02:30:07.5669319Z    ‚îÅ‚îÅ‚îÅ‚îÅ‚îÅ‚îÅ‚îÅ‚îÅ‚îÅ‚îÅ‚îÅ‚îÅ‚îÅ‚îÅ‚îÅ‚îÅ‚îÅ‚îÅ‚îÅ‚îÅ‚îÅ‚îÅ‚îÅ‚îÅ‚îÅ‚îÅ‚îÅ‚îÅ‚îÅ‚îÅ‚îÅ‚îÅ‚îÅ‚îÅ‚îÅ‚îÅ‚îÅ‚îÅ‚îÅ‚îÅ 2.1/2.1 MB 109.8 MB/s  0:00:00
crawl_and_email	Install dependencies	2025-12-31T02:30:07.5716664Z Downloading annotated_types-0.7.0-py3-none-any.whl (13 kB)
crawl_and_email	Install dependencies	2025-12-31T02:30:07.5787677Z Downloading typing_inspection-0.4.2-py3-none-any.whl (14 kB)
crawl_and_email	Install dependencies	2025-12-31T02:30:07.5857096Z Downloading tqdm-4.67.1-py3-none-any.whl (78 kB)
crawl_and_email	Install dependencies	2025-12-31T02:30:07.7355335Z Installing collected packages: uritemplate, typing-extensions, tqdm, soupsieve, rsa, python-dotenv, protobuf, markdown, cachetools, annotated-types, typing-inspection, resend, pydantic-core, proto-plus, grpcio, googleapis-common-protos, google-auth, beautifulsoup4, pydantic, grpcio-status, googlesearch-python, google-auth-httplib2, google-api-core, google-api-python-client, google-ai-generativelanguage, google-generativeai
crawl_and_email	Install dependencies	2025-12-31T02:30:09.9421831Z 
crawl_and_email	Install dependencies	2025-12-31T02:30:09.9450588Z Successfully installed annotated-types-0.7.0 beautifulsoup4-4.14.3 cachetools-6.2.4 google-ai-generativelanguage-0.6.15 google-api-core-2.28.1 google-api-python-client-2.187.0 google-auth-2.45.0 google-auth-httplib2-0.3.0 google-generativeai-0.8.6 googleapis-common-protos-1.72.0 googlesearch-python-1.3.0 grpcio-1.76.0 grpcio-status-1.71.2 markdown-3.10 proto-plus-1.27.0 protobuf-5.29.5 pydantic-2.12.5 pydantic-core-2.41.5 python-dotenv-1.2.1 resend-2.19.0 rsa-4.9.1 soupsieve-2.8.1 tqdm-4.67.1 typing-extensions-4.15.0 typing-inspection-0.4.2 uritemplate-4.2.0
crawl_and_email	Run crawler	Ôªø2025-12-31T02:30:10.2296191Z ##[group]Run python crawl_and_email.py
crawl_and_email	Run crawler	2025-12-31T02:30:10.2296541Z [36;1mpython crawl_and_email.py[0m
crawl_and_email	Run crawler	2025-12-31T02:30:10.2330362Z shell: /usr/bin/bash -e {0}
crawl_and_email	Run crawler	2025-12-31T02:30:10.2330613Z env:
crawl_and_email	Run crawler	2025-12-31T02:30:10.2331074Z   RESEND_API_KEY: ***
crawl_and_email	Run crawler	2025-12-31T02:30:10.2331329Z   GEMINI_API_KEY: ***
crawl_and_email	Run crawler	2025-12-31T02:30:10.2331564Z   RECIPIENT_EMAIL: ***
crawl_and_email	Run crawler	2025-12-31T02:30:10.2331792Z   SENDER_EMAIL: ***
crawl_and_email	Run crawler	2025-12-31T02:30:10.2331991Z ##[endgroup]
crawl_and_email	Run crawler	2025-12-31T02:30:11.1214785Z /home/runner/work/dfnewscrawler/dfnewscrawler/crawl_and_email.py:7: FutureWarning: 
crawl_and_email	Run crawler	2025-12-31T02:30:11.1215726Z 
crawl_and_email	Run crawler	2025-12-31T02:30:11.1216227Z All support for the `google.generativeai` package has ended. It will no longer be receiving 
crawl_and_email	Run crawler	2025-12-31T02:30:11.1217348Z updates or bug fixes. Please switch to the `google.genai` package as soon as possible.
crawl_and_email	Run crawler	2025-12-31T02:30:11.1218136Z See README for more details:
crawl_and_email	Run crawler	2025-12-31T02:30:11.1218418Z 
crawl_and_email	Run crawler	2025-12-31T02:30:11.1218963Z https://github.com/google-gemini/deprecated-generative-ai-python/blob/main/README.md
crawl_and_email	Run crawler	2025-12-31T02:30:11.1219698Z 
crawl_and_email	Run crawler	2025-12-31T02:30:11.1219906Z   import google.generativeai as genai
crawl_and_email	Run crawler	2025-12-31T02:30:11.8374402Z Starting Deepfake News Crawler...
crawl_and_email	Run crawler	2025-12-31T02:30:11.8374789Z Searching for news...
crawl_and_email	Run crawler	2025-12-31T02:30:11.8375034Z No new articles found.
crawl_and_email	Post Set up Python	Ôªø2025-12-31T02:30:11.9175613Z ##[warning]Unexpected input(s) 'python-python-version', valid inputs are ['python-version', 'python-version-file', 'cache', 'architecture', 'check-latest', 'token', 'cache-dependency-path', 'update-environment', 'allow-prereleases', 'freethreaded']
crawl_and_email	Post Set up Python	2025-12-31T02:30:11.9181121Z Post job cleanup.
crawl_and_email	Post Checkout repository	Ôªø2025-12-31T02:30:12.0812830Z Post job cleanup.
crawl_and_email	Post Checkout repository	2025-12-31T02:30:12.1738831Z [command]/usr/bin/git version
crawl_and_email	Post Checkout repository	2025-12-31T02:30:12.1774116Z git version 2.52.0
crawl_and_email	Post Checkout repository	2025-12-31T02:30:12.1817894Z Temporarily overriding HOME='/home/runner/work/_temp/b4c71cf1-1a5e-4fac-a96c-069fadef644b' before making global git config changes
crawl_and_email	Post Checkout repository	2025-12-31T02:30:12.1819521Z Adding repository directory to the temporary git global config as a safe directory
crawl_and_email	Post Checkout repository	2025-12-31T02:30:12.1824294Z [command]/usr/bin/git config --global --add safe.directory /home/runner/work/dfnewscrawler/dfnewscrawler
crawl_and_email	Post Checkout repository	2025-12-31T02:30:12.1859412Z [command]/usr/bin/git config --local --name-only --get-regexp core\.sshCommand
crawl_and_email	Post Checkout repository	2025-12-31T02:30:12.1891233Z [command]/usr/bin/git submodule foreach --recursive sh -c "git config --local --name-only --get-regexp 'core\.sshCommand' && git config --local --unset-all 'core.sshCommand' || :"
crawl_and_email	Post Checkout repository	2025-12-31T02:30:12.2114497Z [command]/usr/bin/git config --local --name-only --get-regexp http\.https\:\/\/github\.com\/\.extraheader
crawl_and_email	Post Checkout repository	2025-12-31T02:30:12.2137804Z http.https://github.com/.extraheader
crawl_and_email	Post Checkout repository	2025-12-31T02:30:12.2151472Z [command]/usr/bin/git config --local --unset-all http.https://github.com/.extraheader
crawl_and_email	Post Checkout repository	2025-12-31T02:30:12.2183736Z [command]/usr/bin/git submodule foreach --recursive sh -c "git config --local --name-only --get-regexp 'http\.https\:\/\/github\.com\/\.extraheader' && git config --local --unset-all 'http.https://github.com/.extraheader' || :"
crawl_and_email	Post Checkout repository	2025-12-31T02:30:12.2419242Z [command]/usr/bin/git config --local --name-only --get-regexp ^includeIf\.gitdir:
crawl_and_email	Post Checkout repository	2025-12-31T02:30:12.2451918Z [command]/usr/bin/git submodule foreach --recursive git config --local --show-origin --name-only --get-regexp remote.origin.url
crawl_and_email	Complete job	Ôªø2025-12-31T02:30:12.2795147Z Cleaning up orphan processes
